Type-safe project accessors is an incubating feature.

> Configure project :
Project accessors enabled, but root project name not explicitly set for 'build-logic'. Checking out the project in different folders will impact the generated code and implicitly the buildscript classpath, breaking caching.

> Task :kmpPartiallyResolvedDependenciesChecker
> Task :checkKotlinGradlePluginConfigurationErrors SKIPPED
> Task :room:kmpPartiallyResolvedDependenciesChecker
> Task :room:checkKotlinGradlePluginConfigurationErrors SKIPPED
> Task :room:kspKotlinJvm UP-TO-DATE
> Task :room:compileKotlinJvm UP-TO-DATE
> Task :room:copyRoomSchemas NO-SOURCE
> Task :room:compileJvmMainJava NO-SOURCE
> Task :room:jvmProcessResources NO-SOURCE
> Task :room:processJvmMainResources SKIPPED
> Task :room:jvmMainClasses UP-TO-DATE
> Task :room:jvmJar UP-TO-DATE

> Task :ui:checkJvmMainComposeLibrariesCompatibility
w: Compose Multiplatform runtime dependencies' versions don't match with plugin version.
    expected: 'org.jetbrains.compose.ui:ui:1.11.0-alpha01'
    actual:   'org.jetbrains.compose.ui:ui:1.11.0-alpha03+dev3566'

    expected: 'org.jetbrains.compose.foundation:foundation:1.11.0-alpha01'
    actual:   'org.jetbrains.compose.foundation:foundation:1.11.0-alpha03+dev3566'

This may lead to compilation errors or unexpected behavior at runtime.
Such version mismatch might be caused by dependency constraints in one of the included libraries.
You can inspect resulted dependencies tree via `./gradlew :ui:dependencies  --configuration jvmRuntimeClasspath`.
See more details in Gradle documentation: https://docs.gradle.org/current/userguide/viewing_debugging_dependencies.html#sec:listing-dependencies

Please update Compose Multiplatform Gradle plugin's version or align dependencies' versions to match the current plugin version.


> Task :ui:kmpPartiallyResolvedDependenciesChecker
> Task :ui:checkKotlinGradlePluginConfigurationErrors SKIPPED
> Task :ui:convertXmlValueResourcesForCommonMain NO-SOURCE
> Task :ui:copyNonXmlValueResourcesForCommonMain NO-SOURCE
> Task :ui:prepareComposeResourcesTaskForCommonMain NO-SOURCE
> Task :ui:generateResourceAccessorsForCommonMain SKIPPED
> Task :ui:convertXmlValueResourcesForJvmMain NO-SOURCE
> Task :ui:copyNonXmlValueResourcesForJvmMain NO-SOURCE
> Task :ui:prepareComposeResourcesTaskForJvmMain NO-SOURCE
> Task :ui:generateResourceAccessorsForJvmMain SKIPPED
> Task :ui:generateActualResourceCollectorsForJvmMain SKIPPED
> Task :ui:generateComposeResClass SKIPPED
> Task :ui:generateExpectResourceCollectorsForCommonMain SKIPPED
> Task :ui:compileKotlinJvm UP-TO-DATE
> Task :ui:compileJvmMainJava NO-SOURCE
> Task :ui:assembleJvmMainResources UP-TO-DATE
> Task :ui:jvmProcessResources UP-TO-DATE
> Task :ui:processJvmMainResources SKIPPED
> Task :ui:jvmMainClasses UP-TO-DATE
> Task :ui:jvmJar UP-TO-DATE
> Task :jvmProcessResources NO-SOURCE
> Task :processJvmMainResources SKIPPED
> Task :app-desktop:checkJvmMainComposeLibrariesCompatibility
> Task :app-desktop:kmpPartiallyResolvedDependenciesChecker
> Task :app-desktop:checkKotlinGradlePluginConfigurationErrors SKIPPED
> Task :app-desktop:convertXmlValueResourcesForCommonMain NO-SOURCE
> Task :app-desktop:copyNonXmlValueResourcesForCommonMain NO-SOURCE
> Task :app-desktop:prepareComposeResourcesTaskForCommonMain NO-SOURCE
> Task :app-desktop:generateResourceAccessorsForCommonMain SKIPPED
> Task :app-desktop:convertXmlValueResourcesForJvmMain NO-SOURCE
> Task :app-desktop:copyNonXmlValueResourcesForJvmMain NO-SOURCE
> Task :app-desktop:prepareComposeResourcesTaskForJvmMain NO-SOURCE
> Task :app-desktop:generateResourceAccessorsForJvmMain SKIPPED
> Task :app-desktop:generateActualResourceCollectorsForJvmMain SKIPPED
> Task :app-desktop:generateComposeResClass SKIPPED
> Task :app-desktop:generateExpectResourceCollectorsForCommonMain SKIPPED
> Task :app-desktop:assembleJvmMainResources UP-TO-DATE
> Task :app-desktop:jvmProcessResources UP-TO-DATE
> Task :app-desktop:processJvmMainResources SKIPPED
> Task :compileKotlinJvm
> Task :compileJvmMainJava NO-SOURCE
> Task :jvmMainClasses
> Task :jvmJar
> Task :app-desktop:compileKotlinJvm
> Task :app-desktop:compileJvmMainJava NO-SOURCE
> Task :app-desktop:jvmMainClasses
> Task :app-desktop:jvmJar UP-TO-DATE

[Incubating] Problems report is available at: file:///app/build/reports/problems/problems-report.html

Deprecated Gradle features were used in this build, making it incompatible with Gradle 10.

You can use '--warning-mode all' to show the individual deprecation warnings and determine if they come from your own scripts or plugins.

For more on this, please refer to https://docs.gradle.org/9.3.1/userguide/command_line_interface.html#sec:command_line_warnings in the Gradle documentation.

BUILD SUCCESSFUL in 19s
19 actionable tasks: 9 executed, 10 up-to-date
Consider enabling configuration cache to speed up this build: https://docs.gradle.org/9.3.1/userguide/configuration_cache_enabling.html
